[0m11:04:25.443297 [debug] [MainThread]: Sending event: {'category': 'dbt', 'action': 'invocation', 'label': 'start', 'context': [<snowplow_tracker.self_describing_json.SelfDescribingJson object at 0x000001CA88DB11C0>, <snowplow_tracker.self_describing_json.SelfDescribingJson object at 0x000001CA8BC9ED80>, <snowplow_tracker.self_describing_json.SelfDescribingJson object at 0x000001CA8BC9FCB0>]}


============================== 11:04:25.615262 | 7afcc1e4-e8f6-44f9-aa02-f2246de0afdd ==============================
[0m11:04:25.615262 [info ] [MainThread]: Running with dbt=1.11.2
[0m11:04:25.616261 [debug] [MainThread]: running dbt with arguments {'version_check': 'True', 'no_print': 'None', 'static_parser': 'True', 'target_path': 'None', 'warn_error_options': 'WarnErrorOptionsV2(error=[], warn=[], silence=[])', 'printer_width': '80', 'write_json': 'True', 'introspect': 'True', 'log_cache_events': 'False', 'empty': 'None', 'cache_selected_only': 'False', 'log_format': 'default', 'debug': 'False', 'fail_fast': 'False', 'profiles_dir': 'C:\\Users\\roger\\.dbt', 'send_anonymous_usage_stats': 'True', 'quiet': 'False', 'warn_error': 'None', 'partial_parse': 'True', 'indirect_selection': 'eager', 'invocation_command': 'dbt init', 'use_colors': 'True', 'use_experimental_parser': 'False', 'log_path': 'logs'}
[0m11:06:17.844229 [debug] [MainThread]: Starter project path: C:\Users\roger\Desktop\Project_Airbnb\airbnb_project\.venv\Lib\site-packages\dbt\include\starter_project
[0m11:06:17.894606 [info ] [MainThread]: 
Your new dbt project "airbnb_project" was created!

For more information on how to configure the profiles.yml file,
please consult the dbt documentation here:

  https://docs.getdbt.com/docs/configure-your-profile

One more thing:

Need help? Don't hesitate to reach out to us via GitHub issues or on Slack:

  https://community.getdbt.com/

Happy modeling!

[0m11:06:17.895606 [info ] [MainThread]: Setting up your profile.
[0m11:06:57.659031 [debug] [MainThread]: Snowflake adapter: Setting snowflake.connector to ERROR (file logging only)
[0m11:06:57.660051 [debug] [MainThread]: Snowflake adapter: Setting botocore to ERROR (file logging only)
[0m11:06:57.660051 [debug] [MainThread]: Snowflake adapter: Setting boto3 to ERROR (file logging only)
[0m11:10:48.184461 [info ] [MainThread]: Profile airbnb_project written to C:\Users\roger\.dbt\profiles.yml using target's profile_template.yml and your supplied values. Run 'dbt debug' to validate the connection.
[0m11:10:48.198118 [debug] [MainThread]: Command `dbt init` succeeded at 11:10:48.197121 after 383.06 seconds
[0m11:10:48.198118 [debug] [MainThread]: Sending event: {'category': 'dbt', 'action': 'invocation', 'label': 'end', 'context': [<snowplow_tracker.self_describing_json.SelfDescribingJson object at 0x000001CA8D4DA3F0>, <snowplow_tracker.self_describing_json.SelfDescribingJson object at 0x000001CA8D888EC0>, <snowplow_tracker.self_describing_json.SelfDescribingJson object at 0x000001CA8F5DDAF0>]}
[0m11:10:48.199118 [debug] [MainThread]: Flushing usage events
[0m11:10:48.794758 [debug] [MainThread]: An error was encountered while trying to flush usage events
[0m11:41:52.279394 [debug] [MainThread]: Sending event: {'category': 'dbt', 'action': 'invocation', 'label': 'start', 'context': [<snowplow_tracker.self_describing_json.SelfDescribingJson object at 0x000001643578DCA0>, <snowplow_tracker.self_describing_json.SelfDescribingJson object at 0x00000164336018B0>, <snowplow_tracker.self_describing_json.SelfDescribingJson object at 0x0000016434C011F0>]}


============================== 11:41:52.295430 | d96c540e-a908-4ef8-b09e-c878e07bf89f ==============================
[0m11:41:52.295430 [info ] [MainThread]: Running with dbt=1.11.2
[0m11:41:52.295430 [debug] [MainThread]: running dbt with arguments {'version_check': 'True', 'no_print': 'None', 'static_parser': 'True', 'target_path': 'None', 'warn_error_options': 'WarnErrorOptionsV2(error=[], warn=[], silence=[])', 'printer_width': '80', 'write_json': 'True', 'empty': 'None', 'log_cache_events': 'False', 'introspect': 'True', 'cache_selected_only': 'False', 'log_format': 'default', 'debug': 'False', 'fail_fast': 'False', 'partial_parse': 'True', 'send_anonymous_usage_stats': 'True', 'quiet': 'False', 'warn_error': 'None', 'profiles_dir': 'C:\\Users\\roger\\.dbt', 'indirect_selection': 'eager', 'invocation_command': 'dbt debug', 'use_colors': 'True', 'use_experimental_parser': 'False', 'log_path': 'logs'}
[0m11:41:52.367723 [info ] [MainThread]: dbt version: 1.11.2
[0m11:41:52.368725 [info ] [MainThread]: python version: 3.12.9
[0m11:41:52.369723 [info ] [MainThread]: python path: C:\Users\roger\Desktop\Project_Airbnb\airbnb_project\.venv\Scripts\python.exe
[0m11:41:52.370725 [info ] [MainThread]: os info: Windows-11-10.0.26200-SP0
[0m11:41:52.370725 [info ] [MainThread]: Using profiles dir at C:\Users\roger\.dbt
[0m11:41:52.371661 [info ] [MainThread]: Using profiles.yml file at C:\Users\roger\.dbt\profiles.yml
[0m11:41:52.371661 [info ] [MainThread]: Using dbt_project.yml file at C:\Users\roger\Desktop\Project_Airbnb\airbnb_project\dbt_project.yml
[0m11:41:52.372780 [info ] [MainThread]: Configuration:
[0m11:41:52.373667 [info ] [MainThread]:   profiles.yml file [[31mERROR not found[0m]
[0m11:41:52.373667 [info ] [MainThread]:   dbt_project.yml file [[31mERROR not found[0m]
[0m11:41:52.374763 [info ] [MainThread]: Required dependencies:
[0m11:41:52.375852 [debug] [MainThread]: Executing "git --help"
[0m11:41:52.452209 [debug] [MainThread]: STDOUT: "b"usage: git [-v | --version] [-h | --help] [-C <path>] [-c <name>=<value>]\n           [--exec-path[=<path>]] [--html-path] [--man-path] [--info-path]\n           [-p | --paginate | -P | --no-pager] [--no-replace-objects] [--no-lazy-fetch]\n           [--no-optional-locks] [--no-advice] [--bare] [--git-dir=<path>]\n           [--work-tree=<path>] [--namespace=<name>] [--config-env=<name>=<envvar>]\n           <command> [<args>]\n\nThese are common Git commands used in various situations:\n\nstart a working area (see also: git help tutorial)\n   clone      Clone a repository into a new directory\n   init       Create an empty Git repository or reinitialize an existing one\n\nwork on the current change (see also: git help everyday)\n   add        Add file contents to the index\n   mv         Move or rename a file, a directory, or a symlink\n   restore    Restore working tree files\n   rm         Remove files from the working tree and from the index\n\nexamine the history and state (see also: git help revisions)\n   bisect     Use binary search to find the commit that introduced a bug\n   diff       Show changes between commits, commit and working tree, etc\n   grep       Print lines matching a pattern\n   log        Show commit logs\n   show       Show various types of objects\n   status     Show the working tree status\n\ngrow, mark and tweak your common history\n   backfill   Download missing objects in a partial clone\n   branch     List, create, or delete branches\n   commit     Record changes to the repository\n   merge      Join two or more development histories together\n   rebase     Reapply commits on top of another base tip\n   reset      Reset current HEAD to the specified state\n   switch     Switch branches\n   tag        Create, list, delete or verify tags\n\ncollaborate (see also: git help workflows)\n   fetch      Download objects and refs from another repository\n   pull       Fetch from and integrate with another repository or a local branch\n   push       Update remote refs along with associated objects\n\n'git help -a' and 'git help -g' list available subcommands and some\nconcept guides. See 'git help <command>' or 'git help <concept>'\nto read about a specific subcommand or concept.\nSee 'git help git' for an overview of the system.\n""
[0m11:41:52.453212 [debug] [MainThread]: STDERR: "b''"
[0m11:41:52.453212 [info ] [MainThread]:  - git [[32mOK found[0m]

[0m11:41:52.454219 [info ] [MainThread]: Connection test skipped since no profile was found
[0m11:41:52.455211 [info ] [MainThread]: [31m2 checks failed:[0m
[0m11:41:52.455211 [info ] [MainThread]: dbt looked for a profiles.yml file in C:\Users\roger\.dbt\profiles.yml, but did
not find one. For more information on configuring your profile, consult the
documentation:

https://docs.getdbt.com/docs/configure-your-profile


[0m11:41:52.456213 [info ] [MainThread]: Project loading failed for the following reason:
 project path <C:\Users\roger\Desktop\Project_Airbnb\airbnb_project\dbt_project.yml> not found

[0m11:41:52.456213 [debug] [MainThread]: Command `dbt debug` failed at 11:41:52.456213 after 0.34 seconds
[0m11:41:52.457217 [debug] [MainThread]: Sending event: {'category': 'dbt', 'action': 'invocation', 'label': 'end', 'context': [<snowplow_tracker.self_describing_json.SelfDescribingJson object at 0x000001643209DA90>, <snowplow_tracker.self_describing_json.SelfDescribingJson object at 0x000001643553B3E0>, <snowplow_tracker.self_describing_json.SelfDescribingJson object at 0x0000016435A14CE0>]}
[0m11:41:52.457217 [debug] [MainThread]: Flushing usage events
[0m11:41:52.970471 [debug] [MainThread]: An error was encountered while trying to flush usage events
[0m14:54:42.214898 [debug] [MainThread]: Sending event: {'category': 'dbt', 'action': 'invocation', 'label': 'start', 'context': [<snowplow_tracker.self_describing_json.SelfDescribingJson object at 0x0000020F09B46CF0>, <snowplow_tracker.self_describing_json.SelfDescribingJson object at 0x0000020F09B46C90>, <snowplow_tracker.self_describing_json.SelfDescribingJson object at 0x0000020F094A5C10>]}


============================== 14:54:42.230667 | cc34ba70-3e45-4e38-a3fd-50de6412f689 ==============================
[0m14:54:42.230667 [info ] [MainThread]: Running with dbt=1.11.2
[0m14:54:42.230667 [debug] [MainThread]: running dbt with arguments {'version_check': 'True', 'no_print': 'None', 'static_parser': 'True', 'warn_error_options': 'WarnErrorOptionsV2(error=[], warn=[], silence=[])', 'target_path': 'None', 'printer_width': '80', 'write_json': 'True', 'empty': 'None', 'log_cache_events': 'False', 'introspect': 'True', 'cache_selected_only': 'False', 'log_format': 'default', 'debug': 'False', 'fail_fast': 'False', 'profiles_dir': '\\.dbt', 'send_anonymous_usage_stats': 'True', 'quiet': 'False', 'warn_error': 'None', 'partial_parse': 'True', 'use_colors': 'True', 'indirect_selection': 'eager', 'invocation_command': 'dbt debug --profiles-dir \\.dbt', 'use_experimental_parser': 'False', 'log_path': 'logs'}
[0m14:54:42.252866 [info ] [MainThread]: dbt version: 1.11.2
[0m14:54:42.252866 [info ] [MainThread]: python version: 3.12.9
[0m14:54:42.252866 [info ] [MainThread]: python path: C:\Users\roger\Desktop\Project_Airbnb\airbnb_project\.venv\Scripts\python.exe
[0m14:54:42.252866 [info ] [MainThread]: os info: Windows-11-10.0.26200-SP0
[0m14:54:42.252866 [info ] [MainThread]: Using profiles dir at \.dbt
[0m14:54:42.252866 [info ] [MainThread]: Using profiles.yml file at \.dbt\profiles.yml
[0m14:54:42.252866 [info ] [MainThread]: Using dbt_project.yml file at C:\Users\roger\Desktop\Project_Airbnb\airbnb_project\dbt_project.yml
[0m14:54:42.266775 [info ] [MainThread]: Configuration:
[0m14:54:42.266775 [info ] [MainThread]:   profiles.yml file [[31mERROR not found[0m]
[0m14:54:42.268205 [info ] [MainThread]:   dbt_project.yml file [[31mERROR not found[0m]
[0m14:54:42.268205 [info ] [MainThread]: Required dependencies:
[0m14:54:42.268205 [debug] [MainThread]: Executing "git --help"
[0m14:54:42.312549 [debug] [MainThread]: STDOUT: "b"usage: git [-v | --version] [-h | --help] [-C <path>] [-c <name>=<value>]\n           [--exec-path[=<path>]] [--html-path] [--man-path] [--info-path]\n           [-p | --paginate | -P | --no-pager] [--no-replace-objects] [--no-lazy-fetch]\n           [--no-optional-locks] [--no-advice] [--bare] [--git-dir=<path>]\n           [--work-tree=<path>] [--namespace=<name>] [--config-env=<name>=<envvar>]\n           <command> [<args>]\n\nThese are common Git commands used in various situations:\n\nstart a working area (see also: git help tutorial)\n   clone      Clone a repository into a new directory\n   init       Create an empty Git repository or reinitialize an existing one\n\nwork on the current change (see also: git help everyday)\n   add        Add file contents to the index\n   mv         Move or rename a file, a directory, or a symlink\n   restore    Restore working tree files\n   rm         Remove files from the working tree and from the index\n\nexamine the history and state (see also: git help revisions)\n   bisect     Use binary search to find the commit that introduced a bug\n   diff       Show changes between commits, commit and working tree, etc\n   grep       Print lines matching a pattern\n   log        Show commit logs\n   show       Show various types of objects\n   status     Show the working tree status\n\ngrow, mark and tweak your common history\n   backfill   Download missing objects in a partial clone\n   branch     List, create, or delete branches\n   commit     Record changes to the repository\n   merge      Join two or more development histories together\n   rebase     Reapply commits on top of another base tip\n   reset      Reset current HEAD to the specified state\n   switch     Switch branches\n   tag        Create, list, delete or verify tags\n\ncollaborate (see also: git help workflows)\n   fetch      Download objects and refs from another repository\n   pull       Fetch from and integrate with another repository or a local branch\n   push       Update remote refs along with associated objects\n\n'git help -a' and 'git help -g' list available subcommands and some\nconcept guides. See 'git help <command>' or 'git help <concept>'\nto read about a specific subcommand or concept.\nSee 'git help git' for an overview of the system.\n""
[0m14:54:42.312549 [debug] [MainThread]: STDERR: "b''"
[0m14:54:42.312549 [info ] [MainThread]:  - git [[32mOK found[0m]

[0m14:54:42.317966 [info ] [MainThread]: Connection test skipped since no profile was found
[0m14:54:42.318955 [info ] [MainThread]: [31m2 checks failed:[0m
[0m14:54:42.318955 [info ] [MainThread]: dbt looked for a profiles.yml file in \.dbt\profiles.yml, but did
not find one. For more information on configuring your profile, consult the
documentation:

https://docs.getdbt.com/docs/configure-your-profile


[0m14:54:42.318955 [info ] [MainThread]: Project loading failed for the following reason:
 project path <C:\Users\roger\Desktop\Project_Airbnb\airbnb_project\dbt_project.yml> not found

[0m14:54:42.318955 [debug] [MainThread]: Command `dbt debug` failed at 14:54:42.318955 after 0.25 seconds
[0m14:54:42.318955 [debug] [MainThread]: Sending event: {'category': 'dbt', 'action': 'invocation', 'label': 'end', 'context': [<snowplow_tracker.self_describing_json.SelfDescribingJson object at 0x0000020F0A0821E0>, <snowplow_tracker.self_describing_json.SelfDescribingJson object at 0x0000020F07A1A840>, <snowplow_tracker.self_describing_json.SelfDescribingJson object at 0x0000020F07A19070>]}
[0m14:54:42.318955 [debug] [MainThread]: Flushing usage events
[0m14:54:42.807449 [debug] [MainThread]: An error was encountered while trying to flush usage events
[0m14:55:11.828584 [debug] [MainThread]: Sending event: {'category': 'dbt', 'action': 'invocation', 'label': 'start', 'context': [<snowplow_tracker.self_describing_json.SelfDescribingJson object at 0x000001C5E68C1340>, <snowplow_tracker.self_describing_json.SelfDescribingJson object at 0x000001C5E6F859A0>, <snowplow_tracker.self_describing_json.SelfDescribingJson object at 0x000001C5E92B8140>]}


============================== 14:55:11.834129 | 448bcc20-63b3-4a70-9c23-a1f6bddeecd5 ==============================
[0m14:55:11.834129 [info ] [MainThread]: Running with dbt=1.11.2
[0m14:55:11.836146 [debug] [MainThread]: running dbt with arguments {'version_check': 'True', 'no_print': 'None', 'static_parser': 'True', 'warn_error_options': 'WarnErrorOptionsV2(error=[], warn=[], silence=[])', 'target_path': 'None', 'printer_width': '80', 'write_json': 'True', 'introspect': 'True', 'log_cache_events': 'False', 'empty': 'None', 'cache_selected_only': 'False', 'log_format': 'default', 'debug': 'False', 'fail_fast': 'False', 'partial_parse': 'True', 'send_anonymous_usage_stats': 'True', 'quiet': 'False', 'warn_error': 'None', 'profiles_dir': 'C:\\Users\\roger\\.dbt', 'use_colors': 'True', 'invocation_command': 'dbt debug --profiles-dir C:\\Users\\roger\\.dbt', 'indirect_selection': 'eager', 'use_experimental_parser': 'False', 'log_path': 'logs'}
[0m14:55:11.864284 [info ] [MainThread]: dbt version: 1.11.2
[0m14:55:11.865205 [info ] [MainThread]: python version: 3.12.9
[0m14:55:11.866304 [info ] [MainThread]: python path: C:\Users\roger\Desktop\Project_Airbnb\airbnb_project\.venv\Scripts\python.exe
[0m14:55:11.867199 [info ] [MainThread]: os info: Windows-11-10.0.26200-SP0
[0m14:55:12.513037 [debug] [MainThread]: Snowflake adapter: Setting snowflake.connector to ERROR (file logging only)
[0m14:55:12.515048 [debug] [MainThread]: Snowflake adapter: Setting botocore to ERROR (file logging only)
[0m14:55:12.515048 [debug] [MainThread]: Snowflake adapter: Setting boto3 to ERROR (file logging only)
[0m14:55:12.585155 [info ] [MainThread]: Error importing adapter: No module named 'dbt.adapters.databricks'
[0m14:55:12.587177 [info ] [MainThread]: Error importing adapter: No module named 'dbt.adapters.databricks'
[0m14:55:12.587177 [info ] [MainThread]: Using profiles dir at C:\Users\roger\.dbt
[0m14:55:12.587177 [info ] [MainThread]: Using profiles.yml file at C:\Users\roger\.dbt\profiles.yml
[0m14:55:12.587177 [info ] [MainThread]: Using dbt_project.yml file at C:\Users\roger\Desktop\Project_Airbnb\airbnb_project\dbt_project.yml
[0m14:55:12.587177 [info ] [MainThread]: Configuration:
[0m14:55:12.587177 [info ] [MainThread]:   profiles.yml file [[31mERROR invalid[0m]
[0m14:55:12.587177 [info ] [MainThread]:   dbt_project.yml file [[31mERROR not found[0m]
[0m14:55:12.592270 [info ] [MainThread]: Required dependencies:
[0m14:55:12.592270 [debug] [MainThread]: Executing "git --help"
[0m14:55:12.636984 [debug] [MainThread]: STDOUT: "b"usage: git [-v | --version] [-h | --help] [-C <path>] [-c <name>=<value>]\n           [--exec-path[=<path>]] [--html-path] [--man-path] [--info-path]\n           [-p | --paginate | -P | --no-pager] [--no-replace-objects] [--no-lazy-fetch]\n           [--no-optional-locks] [--no-advice] [--bare] [--git-dir=<path>]\n           [--work-tree=<path>] [--namespace=<name>] [--config-env=<name>=<envvar>]\n           <command> [<args>]\n\nThese are common Git commands used in various situations:\n\nstart a working area (see also: git help tutorial)\n   clone      Clone a repository into a new directory\n   init       Create an empty Git repository or reinitialize an existing one\n\nwork on the current change (see also: git help everyday)\n   add        Add file contents to the index\n   mv         Move or rename a file, a directory, or a symlink\n   restore    Restore working tree files\n   rm         Remove files from the working tree and from the index\n\nexamine the history and state (see also: git help revisions)\n   bisect     Use binary search to find the commit that introduced a bug\n   diff       Show changes between commits, commit and working tree, etc\n   grep       Print lines matching a pattern\n   log        Show commit logs\n   show       Show various types of objects\n   status     Show the working tree status\n\ngrow, mark and tweak your common history\n   backfill   Download missing objects in a partial clone\n   branch     List, create, or delete branches\n   commit     Record changes to the repository\n   merge      Join two or more development histories together\n   rebase     Reapply commits on top of another base tip\n   reset      Reset current HEAD to the specified state\n   switch     Switch branches\n   tag        Create, list, delete or verify tags\n\ncollaborate (see also: git help workflows)\n   fetch      Download objects and refs from another repository\n   pull       Fetch from and integrate with another repository or a local branch\n   push       Update remote refs along with associated objects\n\n'git help -a' and 'git help -g' list available subcommands and some\nconcept guides. See 'git help <command>' or 'git help <concept>'\nto read about a specific subcommand or concept.\nSee 'git help git' for an overview of the system.\n""
[0m14:55:12.638087 [debug] [MainThread]: STDERR: "b''"
[0m14:55:12.638087 [info ] [MainThread]:  - git [[32mOK found[0m]

[0m14:55:12.639075 [info ] [MainThread]: Connection test skipped since no profile was found
[0m14:55:12.639075 [info ] [MainThread]: [31m2 checks failed:[0m
[0m14:55:12.639985 [info ] [MainThread]: Could not load dbt_project.yml
Profile loading failed for the following reason:
Runtime Error
  Credentials in profile "rz_dbt", target "dev" invalid: Runtime Error
    Could not find adapter type databricks!

Runtime Error
  Credentials in profile "rz_dbt_tutorial", target "dev" invalid: Runtime Error
    Could not find adapter type databricks!


[0m14:55:12.640983 [info ] [MainThread]: Project loading failed for the following reason:
 project path <C:\Users\roger\Desktop\Project_Airbnb\airbnb_project\dbt_project.yml> not found

[0m14:55:12.642034 [debug] [MainThread]: Command `dbt debug` failed at 14:55:12.642034 after 0.99 seconds
[0m14:55:12.642034 [debug] [MainThread]: Sending event: {'category': 'dbt', 'action': 'invocation', 'label': 'end', 'context': [<snowplow_tracker.self_describing_json.SelfDescribingJson object at 0x000001C5E93DF8F0>, <snowplow_tracker.self_describing_json.SelfDescribingJson object at 0x000001C5E9CBA750>, <snowplow_tracker.self_describing_json.SelfDescribingJson object at 0x000001C5E9CB9730>]}
[0m14:55:12.642034 [debug] [MainThread]: Flushing usage events
[0m14:55:13.154360 [debug] [MainThread]: An error was encountered while trying to flush usage events
